
[1m[46m RUN [49m[22m [36mv4.0.17 [39m[90mC:/Users/Alexis/Documents/LeadGen[39m

 [31mÔØ»[39m src/__tests__/integration/inbox/api.test.ts [2m([22m[2m5 tests[22m[2m | [22m[31m5 failed[39m[2m)[22m[32m 8[2mms[22m[39m
[31m       [31m├ù[31m should return paginated conversations[39m[32m 4[2mms[22m[39m
[31m       [31m├ù[31m should filter by unread status[39m[32m 1[2mms[22m[39m
[31m       [31m├ù[31m should return conversation details[39m[32m 1[2mms[22m[39m
[31m       [31m├ù[31m should mark messages as read[39m[32m 1[2mms[22m[39m
[31m       [31m├ù[31m should return total unread count[39m[32m 1[2mms[22m[39m
node.exe : 
Au caractère Ligne:1 : 1
+ & "C:\Program Files\nodejs/node.exe" 
"C:\Users\Alexis\AppData\Roaming ...
+ ~~~~~~~~~~~~~~~~~~~~~~~~~~~~~~~~~~~~~~~~~~~~~
~~~~~~~~~~~~~~~~~~~~~~~~
    + CategoryInfo          : NotSpecified: (: 
   String) [], RemoteException
    + FullyQualifiedErrorId : NativeCommandErr 
   or
 
[31mÔÄ»ÔÄ»ÔÄ»ÔÄ»ÔÄ»ÔÄ»ÔÄ»[39m[1m[41m 
Failed Tests 5 
[49m[22m[31mÔÄ»ÔÄ»ÔÄ»ÔÄ»ÔÄ»ÔÄ»ÔÄ»[39m

[41m[1m FAIL [22m[49m src/__tests__/integra
tion/inbox/api.test.ts[2m > [22mInbox API 
Integration[2m > [22mGET 
/api/inbox/conversations[2m > [22mshould 
return paginated conversations
[31m[1mError[22m: URL is malformed "http://l
ocalhost:3000http://localhost:3000/api/inbox/co
nversations?page=1&limit=10". Please use only 
absolute URLs - https://nextjs.org/docs/message
s/middleware-relative-urls[39m
[90m [2mÔØ»[22m validateURL node_modules/.pn
pm/next@16.1.1_@babel+core@7.2_f33b48a70247a9dd
1be9ff747c251290/node_modules/next/dist/server/
web/utils.js:[2m129:37[22m[39m
[90m [2mÔØ»[22m new NextRequest node_modules
/.pnpm/next@16.1.1_@babel+core@7.2_f33b48a70247
a9dd1be9ff747c251290/node_modules/next/dist/ser
ver/web/spec-extension/request.js:[2m31:32[22
m[39m
[36m [2mÔØ»[22m createRequest src/__tests__/
integration/inbox/api.test.ts:[2m53:16[22m[3
9m
    [90m 51| [39m
    [90m 52| [39m    [35mfunction[39m 
[34mcreateRequest[39m(url[33m:[39m 
string[33m,[39m method [33m=[39m 
[32m'GET'[39m)[33m:[39m 
[33mNextRequest[39m {
    [90m 53| [39m        [35mreturn[39m 
[35mnew[39m [33mNextRequest[39m([32m`http:
//localhost:3000[39m[36m${[39murl[36m}[39m
[32m`[39m[33m,[39m {
    [90m   | [39m               [31m^[39m
    [90m 54| [39m            
method[33m,[39m
    [90m 55| [39m        })[33m;[39m
[90m [2mÔØ»[22m src/__tests__/integration/in
box/api.test.ts:[2m67:25[22m[39m

[31m[1mCaused by: TypeError[22m: Invalid 
URL[39m
[90m [2mÔØ»[22m validateURL node_modules/.pn
pm/next@16.1.1_@babel+core@7.2_f33b48a70247a9dd
1be9ff747c251290/node_modules/next/dist/server/
web/utils.js:[2m127:23[22m[39m
[90m [2mÔØ»[22m new NextRequest node_modules
/.pnpm/next@16.1.1_@babel+core@7.2_f33b48a70247
a9dd1be9ff747c251290/node_modules/next/dist/ser
ver/web/spec-extension/request.js:[2m31:32[22
m[39m
[36m [2mÔØ»[22m createRequest src/__tests__/
integration/inbox/api.test.ts:[2m53:16[22m[3
9m
[90m [2mÔØ»[22m src/__tests__/integration/in
box/api.test.ts:[2m67:25[22m[39m

[31m[2mÔÄ»ÔÄ»ÔÄ»ÔÄ»ÔÄ»ÔÄ»ÔÄ»ÔÄ»ÔÄ»ÔÄ»ÔÄ»ÔÄ»ÔÄ
»ÔÄ»ÔÄ»ÔÄ»ÔÄ»ÔÄ»ÔÄ»ÔÄ»ÔÄ»ÔÄ»ÔÄ»ÔÄ»ÔÄ»ÔÄ»ÔÄ»ÔÄ»Ô
Ä»ÔÄ»[22m[39m
[31m[1mSerialized Error:[22m[39m [90m{ 
code: 'ERR_INVALID_URL', input: 'http://localho
st:3000http://localhost:3000/api/inbox/conversa
tions?page=1&limit=10' }[39m
[31m[2mÔÄ»ÔÄ»ÔÄ»ÔÄ»ÔÄ»ÔÄ»ÔÄ»ÔÄ»ÔÄ»ÔÄ»ÔÄ»ÔÄ»ÔÄ
»ÔÄ»ÔÄ»ÔÄ»ÔÄ»ÔÄ»ÔÄ»ÔÄ»ÔÄ»ÔÄ»ÔÄ»ÔÄ»[1/5]ÔÄ»[22m
[39m

[41m[1m FAIL [22m[49m src/__tests__/integra
tion/inbox/api.test.ts[2m > [22mInbox API 
Integration[2m > [22mGET 
/api/inbox/conversations[2m > [22mshould 
filter by unread status
[31m[1mError[22m: URL is malformed "http://l
ocalhost:3000http://localhost:3000/api/inbox/co
nversations?unread=true". Please use only 
absolute URLs - https://nextjs.org/docs/message
s/middleware-relative-urls[39m
[90m [2mÔØ»[22m validateURL node_modules/.pn
pm/next@16.1.1_@babel+core@7.2_f33b48a70247a9dd
1be9ff747c251290/node_modules/next/dist/server/
web/utils.js:[2m129:37[22m[39m
[90m [2mÔØ»[22m new NextRequest node_modules
/.pnpm/next@16.1.1_@babel+core@7.2_f33b48a70247
a9dd1be9ff747c251290/node_modules/next/dist/ser
ver/web/spec-extension/request.js:[2m31:32[22
m[39m
[36m [2mÔØ»[22m createRequest src/__tests__/
integration/inbox/api.test.ts:[2m53:16[22m[3
9m
    [90m 51| [39m
    [90m 52| [39m    [35mfunction[39m 
[34mcreateRequest[39m(url[33m:[39m 
string[33m,[39m method [33m=[39m 
[32m'GET'[39m)[33m:[39m 
[33mNextRequest[39m {
    [90m 53| [39m        [35mreturn[39m 
[35mnew[39m [33mNextRequest[39m([32m`http:
//localhost:3000[39m[36m${[39murl[36m}[39m
[32m`[39m[33m,[39m {
    [90m   | [39m               [31m^[39m
    [90m 54| [39m            
method[33m,[39m
    [90m 55| [39m        })[33m;[39m
[90m [2mÔØ»[22m src/__tests__/integration/in
box/api.test.ts:[2m80:25[22m[39m

[31m[1mCaused by: TypeError[22m: Invalid 
URL[39m
[90m [2mÔØ»[22m validateURL node_modules/.pn
pm/next@16.1.1_@babel+core@7.2_f33b48a70247a9dd
1be9ff747c251290/node_modules/next/dist/server/
web/utils.js:[2m127:23[22m[39m
[90m [2mÔØ»[22m new NextRequest node_modules
/.pnpm/next@16.1.1_@babel+core@7.2_f33b48a70247
a9dd1be9ff747c251290/node_modules/next/dist/ser
ver/web/spec-extension/request.js:[2m31:32[22
m[39m
[36m [2mÔØ»[22m createRequest src/__tests__/
integration/inbox/api.test.ts:[2m53:16[22m[3
9m
[90m [2mÔØ»[22m src/__tests__/integration/in
box/api.test.ts:[2m80:25[22m[39m

[31m[2mÔÄ»ÔÄ»ÔÄ»ÔÄ»ÔÄ»ÔÄ»ÔÄ»ÔÄ»ÔÄ»ÔÄ»ÔÄ»ÔÄ»ÔÄ
»ÔÄ»ÔÄ»ÔÄ»ÔÄ»ÔÄ»ÔÄ»ÔÄ»ÔÄ»ÔÄ»ÔÄ»ÔÄ»ÔÄ»ÔÄ»ÔÄ»ÔÄ»Ô
Ä»ÔÄ»[22m[39m
[31m[1mSerialized Error:[22m[39m [90m{ 
code: 'ERR_INVALID_URL', input: 'http://localho
st:3000http://localhost:3000/api/inbox/conversa
tions?unread=true' }[39m
[31m[2mÔÄ»ÔÄ»ÔÄ»ÔÄ»ÔÄ»ÔÄ»ÔÄ»ÔÄ»ÔÄ»ÔÄ»ÔÄ»ÔÄ»ÔÄ
»ÔÄ»ÔÄ»ÔÄ»ÔÄ»ÔÄ»ÔÄ»ÔÄ»ÔÄ»ÔÄ»ÔÄ»ÔÄ»[2/5]ÔÄ»[22m
[39m

[41m[1m FAIL [22m[49m src/__tests__/integra
tion/inbox/api.test.ts[2m > [22mInbox API 
Integration[2m > [22mGET 
/api/inbox/conversations/[id][2m > 
[22mshould return conversation details
[31m[1mError[22m: URL is malformed "http://l
ocalhost:3000http://localhost:3000/api/inbox/co
nversations/c-1". Please use only absolute 
URLs - https://nextjs.org/docs/messages/middlew
are-relative-urls[39m
[90m [2mÔØ»[22m validateURL node_modules/.pn
pm/next@16.1.1_@babel+core@7.2_f33b48a70247a9dd
1be9ff747c251290/node_modules/next/dist/server/
web/utils.js:[2m129:37[22m[39m
[90m [2mÔØ»[22m new NextRequest node_modules
/.pnpm/next@16.1.1_@babel+core@7.2_f33b48a70247
a9dd1be9ff747c251290/node_modules/next/dist/ser
ver/web/spec-extension/request.js:[2m31:32[22
m[39m
[36m [2mÔØ»[22m createRequest src/__tests__/
integration/inbox/api.test.ts:[2m53:16[22m[3
9m
    [90m 51| [39m
    [90m 52| [39m    [35mfunction[39m 
[34mcreateRequest[39m(url[33m:[39m 
string[33m,[39m method [33m=[39m 
[32m'GET'[39m)[33m:[39m 
[33mNextRequest[39m {
    [90m 53| [39m        [35mreturn[39m 
[35mnew[39m [33mNextRequest[39m([32m`http:
//localhost:3000[39m[36m${[39murl[36m}[39m
[32m`[39m[33m,[39m {
    [90m   | [39m               [31m^[39m
    [90m 54| [39m            
method[33m,[39m
    [90m 55| [39m        })[33m;[39m
[90m [2mÔØ»[22m src/__tests__/integration/in
box/api.test.ts:[2m101:25[22m[39m

[31m[1mCaused by: TypeError[22m: Invalid 
URL[39m
[90m [2mÔØ»[22m validateURL node_modules/.pn
pm/next@16.1.1_@babel+core@7.2_f33b48a70247a9dd
1be9ff747c251290/node_modules/next/dist/server/
web/utils.js:[2m127:23[22m[39m
[90m [2mÔØ»[22m new NextRequest node_modules
/.pnpm/next@16.1.1_@babel+core@7.2_f33b48a70247
a9dd1be9ff747c251290/node_modules/next/dist/ser
ver/web/spec-extension/request.js:[2m31:32[22
m[39m
[36m [2mÔØ»[22m createRequest src/__tests__/
integration/inbox/api.test.ts:[2m53:16[22m[3
9m
[90m [2mÔØ»[22m src/__tests__/integration/in
box/api.test.ts:[2m101:25[22m[39m

[31m[2mÔÄ»ÔÄ»ÔÄ»ÔÄ»ÔÄ»ÔÄ»ÔÄ»ÔÄ»ÔÄ»ÔÄ»ÔÄ»ÔÄ»ÔÄ
»ÔÄ»ÔÄ»ÔÄ»ÔÄ»ÔÄ»ÔÄ»ÔÄ»ÔÄ»ÔÄ»ÔÄ»ÔÄ»ÔÄ»ÔÄ»ÔÄ»ÔÄ»Ô
Ä»ÔÄ»[22m[39m
[31m[1mSerialized Error:[22m[39m [90m{ 
code: 'ERR_INVALID_URL', input: 'http://localho
st:3000http://localhost:3000/api/inbox/conversa
tions/c-1' }[39m
[31m[2mÔÄ»ÔÄ»ÔÄ»ÔÄ»ÔÄ»ÔÄ»ÔÄ»ÔÄ»ÔÄ»ÔÄ»ÔÄ»ÔÄ»ÔÄ
»ÔÄ»ÔÄ»ÔÄ»ÔÄ»ÔÄ»ÔÄ»ÔÄ»ÔÄ»ÔÄ»ÔÄ»ÔÄ»[3/5]ÔÄ»[22m
[39m

[41m[1m FAIL [22m[49m src/__tests__/integra
tion/inbox/api.test.ts[2m > [22mInbox API 
Integration[2m > [22mPOST 
/api/inbox/conversations/[id]/read[2m > 
[22mshould mark messages as read
[31m[1mError[22m: URL is malformed "http://l
ocalhost:3000http://localhost:3000/api/inbox/co
nversations/c-1/read". Please use only 
absolute URLs - https://nextjs.org/docs/message
s/middleware-relative-urls[39m
[90m [2mÔØ»[22m validateURL node_modules/.pn
pm/next@16.1.1_@babel+core@7.2_f33b48a70247a9dd
1be9ff747c251290/node_modules/next/dist/server/
web/utils.js:[2m129:37[22m[39m
[90m [2mÔØ»[22m new NextRequest node_modules
/.pnpm/next@16.1.1_@babel+core@7.2_f33b48a70247
a9dd1be9ff747c251290/node_modules/next/dist/ser
ver/web/spec-extension/request.js:[2m31:32[22
m[39m
[36m [2mÔØ»[22m createRequest src/__tests__/
integration/inbox/api.test.ts:[2m53:16[22m[3
9m
    [90m 51| [39m
    [90m 52| [39m    [35mfunction[39m 
[34mcreateRequest[39m(url[33m:[39m 
string[33m,[39m method [33m=[39m 
[32m'GET'[39m)[33m:[39m 
[33mNextRequest[39m {
    [90m 53| [39m        [35mreturn[39m 
[35mnew[39m [33mNextRequest[39m([32m`http:
//localhost:3000[39m[36m${[39murl[36m}[39m
[32m`[39m[33m,[39m {
    [90m   | [39m               [31m^[39m
    [90m 54| [39m            
method[33m,[39m
    [90m 55| [39m        })[33m;[39m
[90m [2mÔØ»[22m src/__tests__/integration/in
box/api.test.ts:[2m114:25[22m[39m

[31m[1mCaused by: TypeError[22m: Invalid 
URL[39m
[90m [2mÔØ»[22m validateURL node_modules/.pn
pm/next@16.1.1_@babel+core@7.2_f33b48a70247a9dd
1be9ff747c251290/node_modules/next/dist/server/
web/utils.js:[2m127:23[22m[39m
[90m [2mÔØ»[22m new NextRequest node_modules
/.pnpm/next@16.1.1_@babel+core@7.2_f33b48a70247
a9dd1be9ff747c251290/node_modules/next/dist/ser
ver/web/spec-extension/request.js:[2m31:32[22
m[39m
[36m [2mÔØ»[22m createRequest src/__tests__/
integration/inbox/api.test.ts:[2m53:16[22m[3
9m
[90m [2mÔØ»[22m src/__tests__/integration/in
box/api.test.ts:[2m114:25[22m[39m

[31m[2mÔÄ»ÔÄ»ÔÄ»ÔÄ»ÔÄ»ÔÄ»ÔÄ»ÔÄ»ÔÄ»ÔÄ»ÔÄ»ÔÄ»ÔÄ
»ÔÄ»ÔÄ»ÔÄ»ÔÄ»ÔÄ»ÔÄ»ÔÄ»ÔÄ»ÔÄ»ÔÄ»ÔÄ»ÔÄ»ÔÄ»ÔÄ»ÔÄ»Ô
Ä»ÔÄ»[22m[39m
[31m[1mSerialized Error:[22m[39m [90m{ 
code: 'ERR_INVALID_URL', input: 'http://localho
st:3000http://localhost:3000/api/inbox/conversa
tions/c-1/read' }[39m
[31m[2mÔÄ»ÔÄ»ÔÄ»ÔÄ»ÔÄ»ÔÄ»ÔÄ»ÔÄ»ÔÄ»ÔÄ»ÔÄ»ÔÄ»ÔÄ
»ÔÄ»ÔÄ»ÔÄ»ÔÄ»ÔÄ»ÔÄ»ÔÄ»ÔÄ»ÔÄ»ÔÄ»ÔÄ»[4/5]ÔÄ»[22m
[39m

[41m[1m FAIL [22m[49m src/__tests__/integra
tion/inbox/api.test.ts[2m > [22mInbox API 
Integration[2m > [22mGET 
/api/inbox/unread-count[2m > [22mshould 
return total unread count
[31m[1mError[22m: URL is malformed "http://l
ocalhost:3000http://localhost:3000/api/inbox/un
read-count". Please use only absolute URLs - ht
tps://nextjs.org/docs/messages/middleware-relat
ive-urls[39m
[90m [2mÔØ»[22m validateURL node_modules/.pn
pm/next@16.1.1_@babel+core@7.2_f33b48a70247a9dd
1be9ff747c251290/node_modules/next/dist/server/
web/utils.js:[2m129:37[22m[39m
[90m [2mÔØ»[22m new NextRequest node_modules
/.pnpm/next@16.1.1_@babel+core@7.2_f33b48a70247
a9dd1be9ff747c251290/node_modules/next/dist/ser
ver/web/spec-extension/request.js:[2m31:32[22
m[39m
[36m [2mÔØ»[22m createRequest src/__tests__/
integration/inbox/api.test.ts:[2m53:16[22m[3
9m
    [90m 51| [39m
    [90m 52| [39m    [35mfunction[39m 
[34mcreateRequest[39m(url[33m:[39m 
string[33m,[39m method [33m=[39m 
[32m'GET'[39m)[33m:[39m 
[33mNextRequest[39m {
    [90m 53| [39m        [35mreturn[39m 
[35mnew[39m [33mNextRequest[39m([32m`http:
//localhost:3000[39m[36m${[39murl[36m}[39m
[32m`[39m[33m,[39m {
    [90m   | [39m               [31m^[39m
    [90m 54| [39m            
method[33m,[39m
    [90m 55| [39m        })[33m;[39m
[90m [2mÔØ»[22m src/__tests__/integration/in
box/api.test.ts:[2m135:25[22m[39m

[31m[1mCaused by: TypeError[22m: Invalid 
URL[39m
[90m [2mÔØ»[22m validateURL node_modules/.pn
pm/next@16.1.1_@babel+core@7.2_f33b48a70247a9dd
1be9ff747c251290/node_modules/next/dist/server/
web/utils.js:[2m127:23[22m[39m
[90m [2mÔØ»[22m new NextRequest node_modules
/.pnpm/next@16.1.1_@babel+core@7.2_f33b48a70247
a9dd1be9ff747c251290/node_modules/next/dist/ser
ver/web/spec-extension/request.js:[2m31:32[22
m[39m
[36m [2mÔØ»[22m createRequest src/__tests__/
integration/inbox/api.test.ts:[2m53:16[22m[3
9m
[90m [2mÔØ»[22m src/__tests__/integration/in
box/api.test.ts:[2m135:25[22m[39m

[31m[2mÔÄ»ÔÄ»ÔÄ»ÔÄ»ÔÄ»ÔÄ»ÔÄ»ÔÄ»ÔÄ»ÔÄ»ÔÄ»ÔÄ»ÔÄ
»ÔÄ»ÔÄ»ÔÄ»ÔÄ»ÔÄ»ÔÄ»ÔÄ»ÔÄ»ÔÄ»ÔÄ»ÔÄ»ÔÄ»ÔÄ»ÔÄ»ÔÄ»Ô
Ä»ÔÄ»[22m[39m
[31m[1mSerialized Error:[22m[39m [90m{ 
code: 'ERR_INVALID_URL', input: 'http://localho
st:3000http://localhost:3000/api/inbox/unread-c
ount' }[39m
[31m[2mÔÄ»ÔÄ»ÔÄ»ÔÄ»ÔÄ»ÔÄ»ÔÄ»ÔÄ»ÔÄ»ÔÄ»ÔÄ»ÔÄ»ÔÄ
»ÔÄ»ÔÄ»ÔÄ»ÔÄ»ÔÄ»ÔÄ»ÔÄ»ÔÄ»ÔÄ»ÔÄ»ÔÄ»[5/5]ÔÄ»[22m
[39m


[2m Test Files [22m [1m[31m1 failed[39m[22m[90m (1)[39m
[2m      Tests [22m [1m[31m5 failed[39m[22m[90m (5)[39m
[2m   Start at [22m 21:54:21
[2m   Duration [22m 1.89s[2m (transform 126ms, setup 172ms, import 191ms, tests 8ms, environment 1.13s)[22m

