src/__tests__/integration/anomaly-detection.test.ts(18,14): error TS1005: ',' expected.
src/__tests__/unit/email-scheduler/email-sender.test.ts(23,20): error TS1005: ';' expected.
src/__tests__/unit/email-scheduler/email-sender.test.ts(24,23): error TS1005: ';' expected.
src/__tests__/unit/email-scheduler/email-sender.test.ts(30,2): error TS1128: Declaration or statement expected.
src/__tests__/unit/email-scheduler/email-sender.test.ts(31,1): error TS1128: Declaration or statement expected.
src/__tests__/unit/email-scheduler/email-sender.test.ts(31,2): error TS1128: Declaration or statement expected.
src/__tests__/unit/email-scheduler/email-sender.test.ts(31,3): error TS1128: Declaration or statement expected.
